// Jest Snapshot v1, https://goo.gl/fbAQLP

exports[`Multi mounts 1`] = `
ShallowWrapper {
  "complexSelector": ComplexSelector {
    "buildPredicate": [Function],
    "childrenOfNode": [Function],
    "findWhereUnwrapped": [Function],
  },
  "length": 1,
  "node": <span
    className="c-wagtailautocomplete__layout"
>
    <span
        className="c-wagtailautocomplete__layout__item"
    >
        <Suggestions
            canCreate={true}
            input={
                Object {
                    "value": "",
                  }
            }
            inputElm={undefined}
            labelId={undefined}
            onChange={[Function]}
            onClick={[Function]}
            onCreate={[Function]}
            suggestions={
                Array [
                    Object {
                      "id": 1,
                      "title": "Alice",
                    },
                    Object {
                      "id": 2,
                      "title": "Tekisha",
                    },
                  ]
            }
        />
    </span>
    <span
        className="c-wagtailautocomplete__layout__item"
    >
        <span>
            Nothing selected.
        </span>
    </span>
</span>,
  "nodes": Array [
    <span
      className="c-wagtailautocomplete__layout"
>
      <span
            className="c-wagtailautocomplete__layout__item"
      >
            <Suggestions
                  canCreate={true}
                  input={
                        Object {
                              "value": "",
                            }
                  }
                  inputElm={undefined}
                  labelId={undefined}
                  onChange={[Function]}
                  onClick={[Function]}
                  onCreate={[Function]}
                  suggestions={
                        Array [
                              Object {
                                "id": 1,
                                "title": "Alice",
                              },
                              Object {
                                "id": 2,
                                "title": "Tekisha",
                              },
                            ]
                  }
            />
      </span>
      <span
            className="c-wagtailautocomplete__layout__item"
      >
            <span>
                  Nothing selected.
            </span>
      </span>
</span>,
  ],
  "options": Object {},
  "renderer": ReactShallowRenderer {
    "_instance": ShallowComponentWrapper {
      "_calledComponentWillUnmount": false,
      "_compositeType": 1,
      "_context": Object {},
      "_currentElement": <Multi
        canCreate={true}
        input={
                Object {
                        "value": "",
                      }
        }
        onChange={[Function]}
        onClick={[Function]}
        onCreate={[Function]}
        selected={Array []}
        selections={Array []}
        suggestions={
                Array [
                        Object {
                          "id": 1,
                          "title": "Alice",
                        },
                        Object {
                          "id": 2,
                          "title": "Tekisha",
                        },
                      ]
        }
/>,
      "_debugID": 1,
      "_hostContainerInfo": null,
      "_hostParent": null,
      "_instance": Multi {
        "_reactInternalInstance": [Circular],
        "context": Object {},
        "handleClick": [Function],
        "props": Object {
          "canCreate": true,
          "input": Object {
            "value": "",
          },
          "onChange": [Function],
          "onClick": [Function],
          "onCreate": [Function],
          "selected": Array [],
          "selections": Array [],
          "suggestions": Array [
            Object {
              "id": 1,
              "title": "Alice",
            },
            Object {
              "id": 2,
              "title": "Tekisha",
            },
          ],
        },
        "refs": Object {},
        "state": null,
        "updater": Object {
          "enqueueCallback": [Function],
          "enqueueCallbackInternal": [Function],
          "enqueueElementInternal": [Function],
          "enqueueForceUpdate": [Function],
          "enqueueReplaceState": [Function],
          "enqueueSetState": [Function],
          "isMounted": [Function],
          "validateCallback": [Function],
        },
      },
      "_mountOrder": 1,
      "_pendingCallbacks": null,
      "_pendingElement": null,
      "_pendingForceUpdate": false,
      "_pendingReplaceState": false,
      "_pendingStateQueue": null,
      "_renderedComponent": NoopInternalComponent {
        "_currentElement": <span
          className="c-wagtailautocomplete__layout"
>
          <span
                    className="c-wagtailautocomplete__layout__item"
          >
                    <Suggestions
                              canCreate={true}
                              input={
                                        Object {
                                                  "value": "",
                                                }
                              }
                              inputElm={undefined}
                              labelId={undefined}
                              onChange={[Function]}
                              onClick={[Function]}
                              onCreate={[Function]}
                              suggestions={
                                        Array [
                                                  Object {
                                                    "id": 1,
                                                    "title": "Alice",
                                                  },
                                                  Object {
                                                    "id": 2,
                                                    "title": "Tekisha",
                                                  },
                                                ]
                              }
                    />
          </span>
          <span
                    className="c-wagtailautocomplete__layout__item"
          >
                    <span>
                              Nothing selected.
                    </span>
          </span>
</span>,
        "_debugID": 2,
        "_renderedOutput": <span
          className="c-wagtailautocomplete__layout"
>
          <span
                    className="c-wagtailautocomplete__layout__item"
          >
                    <Suggestions
                              canCreate={true}
                              input={
                                        Object {
                                                  "value": "",
                                                }
                              }
                              inputElm={undefined}
                              labelId={undefined}
                              onChange={[Function]}
                              onClick={[Function]}
                              onCreate={[Function]}
                              suggestions={
                                        Array [
                                                  Object {
                                                    "id": 1,
                                                    "title": "Alice",
                                                  },
                                                  Object {
                                                    "id": 2,
                                                    "title": "Tekisha",
                                                  },
                                                ]
                              }
                    />
          </span>
          <span
                    className="c-wagtailautocomplete__layout__item"
          >
                    <span>
                              Nothing selected.
                    </span>
          </span>
</span>,
      },
      "_renderedNodeType": 0,
      "_rootNodeID": 0,
      "_topLevelWrapper": null,
      "_updateBatchNumber": null,
      "_warnedAboutRefsInRender": false,
    },
    "getRenderOutput": [Function],
    "render": [Function],
  },
  "root": [Circular],
  "unrendered": <Multi
    canCreate={true}
    input={
        Object {
            "value": "",
          }
    }
    onChange={[Function]}
    onClick={[Function]}
    onCreate={[Function]}
    selected={Array []}
    selections={Array []}
    suggestions={
        Array [
            Object {
              "id": 1,
              "title": "Alice",
            },
            Object {
              "id": 2,
              "title": "Tekisha",
            },
          ]
    }
/>,
}
`;
