// Jest Snapshot v1, https://goo.gl/fbAQLP

exports[`Single mounts 1`] = `
ShallowWrapper {
  "complexSelector": ComplexSelector {
    "buildPredicate": [Function],
    "childrenOfNode": [Function],
    "findWhereUnwrapped": [Function],
  },
  "length": 1,
  "node": <Suggestions
    canCreate={true}
    input={
        Object {
            "value": "",
          }
    }
    isSingle={true}
    labelId={undefined}
    onChange={[Function]}
    onClick={[Function]}
    onCreate={[Function]}
    suggestions={
        Array [
            Object {
              "id": 1,
              "title": "Alice",
            },
            Object {
              "id": 2,
              "title": "Tekisha",
            },
          ]
    }
/>,
  "nodes": Array [
    <Suggestions
      canCreate={true}
      input={
            Object {
                  "value": "",
                }
      }
      isSingle={true}
      labelId={undefined}
      onChange={[Function]}
      onClick={[Function]}
      onCreate={[Function]}
      suggestions={
            Array [
                  Object {
                    "id": 1,
                    "title": "Alice",
                  },
                  Object {
                    "id": 2,
                    "title": "Tekisha",
                  },
                ]
      }
/>,
  ],
  "options": Object {},
  "renderer": ReactShallowRenderer {
    "_instance": ShallowComponentWrapper {
      "_calledComponentWillUnmount": false,
      "_compositeType": 1,
      "_context": Object {},
      "_currentElement": <Single
        canCreate={true}
        input={
                Object {
                        "value": "",
                      }
        }
        onChange={[Function]}
        onClick={[Function]}
        onCreate={[Function]}
        selected={null}
        suggestions={
                Array [
                        Object {
                          "id": 1,
                          "title": "Alice",
                        },
                        Object {
                          "id": 2,
                          "title": "Tekisha",
                        },
                      ]
        }
/>,
      "_debugID": 1,
      "_hostContainerInfo": null,
      "_hostParent": null,
      "_instance": Single {
        "_reactInternalInstance": [Circular],
        "context": Object {},
        "props": Object {
          "canCreate": true,
          "input": Object {
            "value": "",
          },
          "onChange": [Function],
          "onClick": [Function],
          "onCreate": [Function],
          "selected": null,
          "suggestions": Array [
            Object {
              "id": 1,
              "title": "Alice",
            },
            Object {
              "id": 2,
              "title": "Tekisha",
            },
          ],
        },
        "refs": Object {},
        "state": null,
        "updater": Object {
          "enqueueCallback": [Function],
          "enqueueCallbackInternal": [Function],
          "enqueueElementInternal": [Function],
          "enqueueForceUpdate": [Function],
          "enqueueReplaceState": [Function],
          "enqueueSetState": [Function],
          "isMounted": [Function],
          "validateCallback": [Function],
        },
      },
      "_mountOrder": 1,
      "_pendingCallbacks": null,
      "_pendingElement": null,
      "_pendingForceUpdate": false,
      "_pendingReplaceState": false,
      "_pendingStateQueue": null,
      "_renderedComponent": NoopInternalComponent {
        "_currentElement": <Suggestions
          canCreate={true}
          input={
                    Object {
                              "value": "",
                            }
          }
          isSingle={true}
          labelId={undefined}
          onChange={[Function]}
          onClick={[Function]}
          onCreate={[Function]}
          suggestions={
                    Array [
                              Object {
                                "id": 1,
                                "title": "Alice",
                              },
                              Object {
                                "id": 2,
                                "title": "Tekisha",
                              },
                            ]
          }
/>,
        "_debugID": 2,
        "_renderedOutput": <Suggestions
          canCreate={true}
          input={
                    Object {
                              "value": "",
                            }
          }
          isSingle={true}
          labelId={undefined}
          onChange={[Function]}
          onClick={[Function]}
          onCreate={[Function]}
          suggestions={
                    Array [
                              Object {
                                "id": 1,
                                "title": "Alice",
                              },
                              Object {
                                "id": 2,
                                "title": "Tekisha",
                              },
                            ]
          }
/>,
      },
      "_renderedNodeType": 1,
      "_rootNodeID": 0,
      "_topLevelWrapper": null,
      "_updateBatchNumber": null,
      "_warnedAboutRefsInRender": false,
    },
    "getRenderOutput": [Function],
    "render": [Function],
  },
  "root": [Circular],
  "unrendered": <Single
    canCreate={true}
    input={
        Object {
            "value": "",
          }
    }
    onChange={[Function]}
    onClick={[Function]}
    onCreate={[Function]}
    selected={null}
    suggestions={
        Array [
            Object {
              "id": 1,
              "title": "Alice",
            },
            Object {
              "id": 2,
              "title": "Tekisha",
            },
          ]
    }
/>,
}
`;
