// Jest Snapshot v1, https://goo.gl/fbAQLP

exports[`initial state renders without crashing 1`] = `
<summary
  className="action-bar"
>
  <div>
    <h4>
      Showing 
      <span>
        100
      </span>
       matched results
    </h4>
  </div>
</summary>
`;
